CartPole discrete_bc seed0: 8383417
CartPole discrete_bc seed1: 8383418
CartPole discrete_bc seed2: 8383419
CartPole discrete_cql seed0: 8383420
CartPole discrete_cql seed1: 8383421
CartPole discrete_cql seed2: 8383422
CartPole discrete_dt seed0: 8383423
CartPole discrete_dt seed1: 8383424
CartPole discrete_dt seed2: 8383425
CartPole discrete_tacr seed0: 8383426
CartPole discrete_tacr seed1: 8383427
CartPole discrete_tacr seed2: 8383428
Pong discrete_bc seed0: 8383429
Pong discrete_bc seed1: 8383430
Pong discrete_bc seed2: 8383431
Pong discrete_cql seed0: 8383432
Pong discrete_cql seed1: 8383433
Pong discrete_cql seed2: 8383434
Pong discrete_dt seed0: 8383435
Pong discrete_dt seed1: 8383436
Pong discrete_dt seed2: 8383437
Pong discrete_tacr seed0: 8383438
Pong discrete_tacr seed1: 8383439
Pong discrete_tacr seed2: 8383440
