Gym has been unmaintained since 2022 and does not support NumPy 2.0 amongst other critical functionality.
Please upgrade to Gymnasium, the maintained drop-in replacement of Gym, or contact the authors of your software and request that they upgrade.
Users of this version of Gym should be able to simply replace 'import gym' with 'import gymnasium as gym' in the vast majority of cases.
See the migration guide at https://gymnasium.farama.org/introduction/migration_guide/ for additional information.
Gym has been unmaintained since 2022 and does not support NumPy 2.0 amongst other critical functionality.
Please upgrade to Gymnasium, the maintained drop-in replacement of Gym, or contact the authors of your software and request that they upgrade.
Users of this version of Gym should be able to simply replace 'import gym' with 'import gymnasium as gym' in the vast majority of cases.
See the migration guide at https://gymnasium.farama.org/introduction/migration_guide/ for additional information.
Traceback (most recent call last):
  File "/gpfs/data/fs72297/jklotz/programming/cloned_repos/forked_repos_for_master_thesis/d3rlpy/training/train_benchmarks.py", line 215, in <module>
    main()
  File "/gpfs/data/fs72297/jklotz/programming/cloned_repos/forked_repos_for_master_thesis/d3rlpy/training/train_benchmarks.py", line 201, in main
    algo.fit(
  File "/gpfs/data/fs72297/jklotz/programming/cloned_repos/forked_repos_for_master_thesis/d3rlpy/d3rlpy/algos/transformer/base.py", line 463, in fit
    build_scalers_with_trajectory_slicer(self, dataset)
  File "/gpfs/data/fs72297/jklotz/programming/cloned_repos/forked_repos_for_master_thesis/d3rlpy/d3rlpy/algos/utility.py", line 114, in build_scalers_with_trajectory_slicer
    algo.reward_scaler.fit_with_trajectory_slicer(
  File "/gpfs/data/fs72297/jklotz/programming/cloned_repos/forked_repos_for_master_thesis/d3rlpy/d3rlpy/preprocessing/reward_scalers.py", line 300, in fit_with_trajectory_slicer
    self.mean = float(np.mean(rewards))
  File "/gpfs/data/fs72297/jklotz/.conda/envs/d3rlpy_dev_final_py310/lib/python3.10/site-packages/numpy/core/fromnumeric.py", line 3504, in mean
    return _methods._mean(a, axis=axis, dtype=dtype,
  File "/gpfs/data/fs72297/jklotz/.conda/envs/d3rlpy_dev_final_py310/lib/python3.10/site-packages/numpy/core/_methods.py", line 102, in _mean
    arr = asanyarray(a)
ValueError: setting an array element with a sequence. The requested array has an inhomogeneous shape after 1 dimensions. The detected shape was (3030,) + inhomogeneous part.
